// Jest Snapshot v1, https://goo.gl/fbAQLP

exports[`renders 1`] = `
<div
  class="tile  touchable"
  style="cursor: pointer;"
>
  <div
    class="tile-container"
  >
    <div
      class="tile-body"
    >
      <span
        class="tile-icon"
      >
        <svg />
      </span>
    </div>
    <div
      class="tile-title"
    >
      Test Door Control
    </div>
  </div>
</div>
`;
